 READ_NAMELIST: PROBLEM WITH NSSL_MP_PARAMS namelist: not found or bad token
STOP 55556
STOP 55556
STOP 55556
STOP 55556
STOP 55556
STOP 55556
STOP 55556
STOP 55556
STOP 55556
STOP 55556
STOP 55556
STOP 55556
STOP 55556
STOP 55556
STOP 55556
STOP 55556
STOP 55556
STOP 55556
STOP 55556
STOP 55556
STOP 55556
STOP 55556
STOP 55556
STOP 55556
STOP 55556
STOP 55556
STOP 55556
STOP 55556
STOP 55556
STOP 55556
STOP 55556
STOP 55556
--------------------------------------------------------------------------
prterun detected that one or more processes exited with non-zero status,
thus causing the job to be terminated. The first process to do so was:

   Process name: [prterun-wof-epyc7-174849@1,28] Exit code:    4
--------------------------------------------------------------------------
 READ_NAMELIST: PROBLEM WITH NSSL_MP_PARAMS namelist: not found or bad token
STOP 55556
STOP 55556
STOP 55556
STOP 55556
STOP 55556
STOP 55556
STOP 55556
STOP 55556
STOP 55556
STOP 55556
STOP 55556
STOP 55556
STOP 55556
STOP 55556
STOP 55556
STOP 55556
STOP 55556
STOP 55556
STOP 55556
STOP 55556
STOP 55556
STOP 55556
STOP 55556
STOP 55556
STOP 55556
STOP 55556
STOP 55556
STOP 55556
STOP 55556
STOP 55556
STOP 55556
STOP 55556
--------------------------------------------------------------------------
prterun detected that one or more processes exited with non-zero status,
thus causing the job to be terminated. The first process to do so was:

   Process name: [prterun-wof-epyc7-174961@1,6] Exit code:    4
--------------------------------------------------------------------------
 READ_NAMELIST: PROBLEM WITH NSSL_MP_PARAMS namelist: not found or bad token
STOP 55556
STOP 55556
STOP 55556
STOP 55556
STOP 55556
STOP 55556
STOP 55556
STOP 55556
STOP 55556
STOP 55556
STOP 55556
STOP 55556
STOP 55556
STOP 55556
STOP 55556
STOP 55556
STOP 55556
STOP 55556
STOP 55556
STOP 55556
STOP 55556
STOP 55556
STOP 55556
STOP 55556
STOP 55556
STOP 55556
STOP 55556
STOP 55556
STOP 55556
STOP 55556
STOP 55556
STOP 55556
--------------------------------------------------------------------------
prterun detected that one or more processes exited with non-zero status,
thus causing the job to be terminated. The first process to do so was:

   Process name: [prterun-wof-epyc7-175079@1,26] Exit code:    4
--------------------------------------------------------------------------
Traceback (most recent call last):
  File "/work/jessica.mcdonald/newCM1_LETKF/run/../src/experiment_driver.py", line 103, in <module>
    if run_setup | run_experiment | run_cook :
NameError: name 'run_cook' is not defined
