 READ_NAMELIST: PROBLEM WITH NSSL_MP_PARAMS namelist: not found or bad token
STOP 55556
STOP 55556
STOP 55556
STOP 55556
STOP 55556
STOP 55556
STOP 55556
STOP 55556
STOP 55556
STOP 55556
STOP 55556
STOP 55556
STOP 55556
STOP 55556
STOP 55556
STOP 55556
STOP 55556
STOP 55556
STOP 55556
STOP 55556
STOP 55556
STOP 55556
STOP 55556
STOP 55556
STOP 55556
STOP 55556
STOP 55556
STOP 55556
STOP 55556
STOP 55556
STOP 55556
STOP 55556
--------------------------------------------------------------------------
prterun detected that one or more processes exited with non-zero status,
thus causing the job to be terminated. The first process to do so was:

   Process name: [prterun-wof-epyc7-232112@1,4] Exit code:    4
--------------------------------------------------------------------------
 READ_NAMELIST: PROBLEM WITH NSSL_MP_PARAMS namelist: not found or bad token
STOP 55556
STOP 55556
STOP 55556
STOP 55556
STOP 55556
STOP 55556
STOP 55556
STOP 55556
STOP 55556
STOP 55556
STOP 55556
STOP 55556
STOP 55556
STOP 55556
STOP 55556
STOP 55556
STOP 55556
STOP 55556
STOP 55556
STOP 55556
STOP 55556
STOP 55556
STOP 55556
STOP 55556
STOP 55556
STOP 55556
STOP 55556
STOP 55556
STOP 55556
STOP 55556
STOP 55556
STOP 55556
--------------------------------------------------------------------------
prterun detected that one or more processes exited with non-zero status,
thus causing the job to be terminated. The first process to do so was:

   Process name: [prterun-wof-epyc7-232587@1,4] Exit code:    4
--------------------------------------------------------------------------
 READ_NAMELIST: PROBLEM WITH NSSL_MP_PARAMS namelist: not found or bad token
STOP 55556
STOP 55556
STOP 55556
STOP 55556
STOP 55556
STOP 55556
STOP 55556
STOP 55556
STOP 55556
STOP 55556
STOP 55556
STOP 55556
STOP 55556
STOP 55556
STOP 55556
STOP 55556
STOP 55556
STOP 55556
STOP 55556
STOP 55556
STOP 55556
STOP 55556
STOP 55556
STOP 55556
STOP 55556
STOP 55556
STOP 55556
STOP 55556
STOP 55556
STOP 55556
STOP 55556
STOP 55556
--------------------------------------------------------------------------
prterun detected that one or more processes exited with non-zero status,
thus causing the job to be terminated. The first process to do so was:

   Process name: [prterun-wof-epyc7-233122@1,18] Exit code:    4
--------------------------------------------------------------------------
 READ_NAMELIST: PROBLEM WITH NSSL_MP_PARAMS namelist: not found or bad token
Traceback (most recent call last):
  File "/work/jessica.mcdonald/newCM1_LETKF/src/run_fcst.py", line 221, in <module>
    pool.join()
  File "/home/jessica.mcdonald/miniconda3/envs/letkf_env/lib/python3.10/multiprocessing/pool.py", line 665, in join
    self._worker_handler.join()
  File "/home/jessica.mcdonald/miniconda3/envs/letkf_env/lib/python3.10/threading.py", line 1096, in join
    self._wait_for_tstate_lock()
  File "/home/jessica.mcdonald/miniconda3/envs/letkf_env/lib/python3.10/threading.py", line 1116, in _wait_for_tstate_lock
    if lock.acquire(block, timeout):
KeyboardInterrupt
Abort is in progress...hit ctrl-c again to forcibly terminate

Traceback (most recent call last):
  File "/work/jessica.mcdonald/newCM1_LETKF/src/run_filter.py", line 4, in <module>
    import numpy as np
  File "/home/jessica.mcdonald/miniconda3/envs/letkf_env/lib/python3.10/site-packages/numpy/__init__.py", line 181, in <module>
    from . import lib
  File "/home/jessica.mcdonald/miniconda3/envs/letkf_env/lib/python3.10/site-packages/numpy/lib/__init__.py", line 23, in <module>
    from . import _index_tricks_impl
  File "/home/jessica.mcdonald/miniconda3/envs/letkf_env/lib/python3.10/site-packages/numpy/lib/_index_tricks_impl.py", line 12, in <module>
    import numpy.matrixlib as matrixlib
  File "/home/jessica.mcdonald/miniconda3/envs/letkf_env/lib/python3.10/site-packages/numpy/matrixlib/__init__.py", line 4, in <module>
    from . import defmatrix
  File "/home/jessica.mcdonald/miniconda3/envs/letkf_env/lib/python3.10/site-packages/numpy/matrixlib/defmatrix.py", line 12, in <module>
    from numpy.linalg import matrix_power
  File "/home/jessica.mcdonald/miniconda3/envs/letkf_env/lib/python3.10/site-packages/numpy/linalg/__init__.py", line 88, in <module>
    from . import _linalg
  File "/home/jessica.mcdonald/miniconda3/envs/letkf_env/lib/python3.10/site-packages/numpy/linalg/_linalg.py", line 41, in <module>
    from numpy._typing import NDArray
  File "/home/jessica.mcdonald/miniconda3/envs/letkf_env/lib/python3.10/site-packages/numpy/_typing/__init__.py", line 95, in <module>
    from ._nbit import (
  File "<frozen importlib._bootstrap>", line 1027, in _find_and_load
  File "<frozen importlib._bootstrap>", line 1002, in _find_and_load_unlocked
  File "<frozen importlib._bootstrap>", line 945, in _find_spec
  File "<frozen importlib._bootstrap_external>", line 1439, in find_spec
  File "<frozen importlib._bootstrap_external>", line 1411, in _get_spec
  File "<frozen importlib._bootstrap_external>", line 1577, in find_spec
  File "<frozen importlib._bootstrap_external>", line 161, in _path_isfile
  File "<frozen importlib._bootstrap_external>", line 153, in _path_is_mode_type
  File "<frozen importlib._bootstrap_external>", line 147, in _path_stat
KeyboardInterrupt
Traceback (most recent call last):
  File "/work/jessica.mcdonald/newCM1_LETKF/src/run_fcst.py", line 5, in <module>
    import os, sys, glob
  File "/home/jessica.mcdonald/miniconda3/envs/letkf_env/lib/python3.10/glob.py", line 6, in <module>
    import fnmatch
  File "<frozen importlib._bootstrap>", line 1027, in _find_and_load
  File "<frozen importlib._bootstrap>", line 1006, in _find_and_load_unlocked
  File "<frozen importlib._bootstrap>", line 688, in _load_unlocked
  File "<frozen importlib._bootstrap_external>", line 879, in exec_module
  File "<frozen importlib._bootstrap_external>", line 975, in get_code
  File "<frozen importlib._bootstrap_external>", line 1074, in get_data
KeyboardInterrupt
Traceback (most recent call last):
  File "/work/jessica.mcdonald/newCM1_LETKF/src/run_filter.py", line 4, in <module>
    import numpy as np
  File "/home/jessica.mcdonald/miniconda3/envs/letkf_env/lib/python3.10/site-packages/numpy/__init__.py", line 114, in <module>
    from numpy.__config__ import show as show_config
  File "/home/jessica.mcdonald/miniconda3/envs/letkf_env/lib/python3.10/site-packages/numpy/__config__.py", line 4, in <module>
    from numpy._core._multiarray_umath import (
  File "/home/jessica.mcdonald/miniconda3/envs/letkf_env/lib/python3.10/site-packages/numpy/_core/__init__.py", line 74, in <module>
    from . import numeric
  File "/home/jessica.mcdonald/miniconda3/envs/letkf_env/lib/python3.10/site-packages/numpy/_core/numeric.py", line 26, in <module>
    from . import shape_base
  File "/home/jessica.mcdonald/miniconda3/envs/letkf_env/lib/python3.10/site-packages/numpy/_core/shape_base.py", line 12, in <module>
    from . import fromnumeric as _from_nx
  File "/home/jessica.mcdonald/miniconda3/envs/letkf_env/lib/python3.10/site-packages/numpy/_core/fromnumeric.py", line 16, in <module>
    from . import _methods
  File "/home/jessica.mcdonald/miniconda3/envs/letkf_env/lib/python3.10/site-packages/numpy/_core/_methods.py", line 7, in <module>
    import pickle
  File "/home/jessica.mcdonald/miniconda3/envs/letkf_env/lib/python3.10/pickle.py", line 34, in <module>
    import re
  File "/home/jessica.mcdonald/miniconda3/envs/letkf_env/lib/python3.10/re.py", line 125, in <module>
    import sre_compile
  File "/home/jessica.mcdonald/miniconda3/envs/letkf_env/lib/python3.10/sre_compile.py", line 14, in <module>
    import sre_parse
  File "/home/jessica.mcdonald/miniconda3/envs/letkf_env/lib/python3.10/sre_parse.py", line 15, in <module>
    from sre_constants import *
  File "<frozen importlib._bootstrap>", line 1027, in _find_and_load
  File "<frozen importlib._bootstrap>", line 1006, in _find_and_load_unlocked
  File "<frozen importlib._bootstrap>", line 688, in _load_unlocked
  File "<frozen importlib._bootstrap_external>", line 879, in exec_module
  File "<frozen importlib._bootstrap_external>", line 975, in get_code
  File "<frozen importlib._bootstrap_external>", line 1074, in get_data
KeyboardInterrupt
Traceback (most recent call last):
  File "/work/jessica.mcdonald/newCM1_LETKF/src/run_fcst.py", line 9, in <module>
    import numpy as np
  File "/home/jessica.mcdonald/miniconda3/envs/letkf_env/lib/python3.10/site-packages/numpy/__init__.py", line 114, in <module>
    from numpy.__config__ import show as show_config
  File "/home/jessica.mcdonald/miniconda3/envs/letkf_env/lib/python3.10/site-packages/numpy/__config__.py", line 4, in <module>
    from numpy._core._multiarray_umath import (
  File "/home/jessica.mcdonald/miniconda3/envs/letkf_env/lib/python3.10/site-packages/numpy/_core/__init__.py", line 23, in <module>
    from . import multiarray
  File "/home/jessica.mcdonald/miniconda3/envs/letkf_env/lib/python3.10/site-packages/numpy/_core/multiarray.py", line 10, in <module>
    from . import overrides
  File "/home/jessica.mcdonald/miniconda3/envs/letkf_env/lib/python3.10/site-packages/numpy/_core/overrides.py", line 80, in <module>
    ArgSpec = collections.namedtuple('ArgSpec', 'args varargs keywords defaults')
  File "/home/jessica.mcdonald/miniconda3/envs/letkf_env/lib/python3.10/collections/__init__.py", line 356, in namedtuple
    field_names = list(map(str, field_names))
KeyboardInterrupt
Traceback (most recent call last):
  File "/work/jessica.mcdonald/newCM1_LETKF/src/run_fcst.py", line 9, in <module>
    import numpy as np
  File "/home/jessica.mcdonald/miniconda3/envs/letkf_env/lib/python3.10/site-packages/numpy/__init__.py", line 114, in <module>
    from numpy.__config__ import show as show_config
  File "/home/jessica.mcdonald/miniconda3/envs/letkf_env/lib/python3.10/site-packages/numpy/__config__.py", line 4, in <module>
    from numpy._core._multiarray_umath import (
  File "/home/jessica.mcdonald/miniconda3/envs/letkf_env/lib/python3.10/site-packages/numpy/_core/__init__.py", line 71, in <module>
    from . import numerictypes as nt
  File "/home/jessica.mcdonald/miniconda3/envs/letkf_env/lib/python3.10/site-packages/numpy/_core/numerictypes.py", line 102, in <module>
    from ._type_aliases import (
  File "<frozen importlib._bootstrap>", line 1027, in _find_and_load
  File "<frozen importlib._bootstrap>", line 1006, in _find_and_load_unlocked
  File "<frozen importlib._bootstrap>", line 688, in _load_unlocked
  File "<frozen importlib._bootstrap_external>", line 879, in exec_module
  File "<frozen importlib._bootstrap_external>", line 1012, in get_code
  File "<frozen importlib._bootstrap_external>", line 672, in _compile_bytecode
KeyboardInterrupt
Traceback (most recent call last):
  File "/work/jessica.mcdonald/newCM1_LETKF/src/ens.py", line 5, in <module>
    import netCDF4 as ncdf
  File "/home/jessica.mcdonald/miniconda3/envs/letkf_env/lib/python3.10/site-packages/netCDF4/__init__.py", line 3, in <module>
    from ._netCDF4 import *
  File "<frozen importlib._bootstrap>", line 404, in parent
KeyboardInterrupt
Traceback (most recent call last):
  File "/work/jessica.mcdonald/newCM1_LETKF/src/ens.py", line 5, in <module>
    import netCDF4 as ncdf
  File "/home/jessica.mcdonald/miniconda3/envs/letkf_env/lib/python3.10/site-packages/netCDF4/__init__.py", line 3, in <module>
    from ._netCDF4 import *
  File "<frozen importlib._bootstrap>", line 404, in parent
KeyboardInterrupt
Traceback (most recent call last):
  File "/work/jessica.mcdonald/newCM1_LETKF/src/ens.py", line 5, in <module>
    import netCDF4 as ncdf
  File "/home/jessica.mcdonald/miniconda3/envs/letkf_env/lib/python3.10/site-packages/netCDF4/__init__.py", line 3, in <module>
    from ._netCDF4 import *
  File "<frozen importlib._bootstrap>", line 404, in parent
KeyboardInterrupt
Traceback (most recent call last):
  File "/work/jessica.mcdonald/newCM1_LETKF/src/plot_src/DBZ_CR.py", line 4, in <module>
    import numpy as np
  File "<frozen importlib._bootstrap>", line 1027, in _find_and_load
  File "<frozen importlib._bootstrap>", line 1002, in _find_and_load_unlocked
  File "<frozen importlib._bootstrap>", line 945, in _find_spec
  File "<frozen importlib._bootstrap_external>", line 1439, in find_spec
  File "<frozen importlib._bootstrap_external>", line 1411, in _get_spec
  File "<frozen importlib._bootstrap_external>", line 1559, in find_spec
  File "<frozen importlib._bootstrap_external>", line 128, in _path_join
  File "<frozen importlib._bootstrap_external>", line 128, in <listcomp>
KeyboardInterrupt
Traceback (most recent call last):
  File "/work/jessica.mcdonald/newCM1_LETKF/src/plot_src/DBZ_INV.py", line 4, in <module>
    import numpy as np
  File "/home/jessica.mcdonald/miniconda3/envs/letkf_env/lib/python3.10/site-packages/numpy/__init__.py", line 114, in <module>
    from numpy.__config__ import show as show_config
  File "/home/jessica.mcdonald/miniconda3/envs/letkf_env/lib/python3.10/site-packages/numpy/__config__.py", line 4, in <module>
    from numpy._core._multiarray_umath import (
  File "/home/jessica.mcdonald/miniconda3/envs/letkf_env/lib/python3.10/site-packages/numpy/_core/__init__.py", line 23, in <module>
    from . import multiarray
  File "/home/jessica.mcdonald/miniconda3/envs/letkf_env/lib/python3.10/site-packages/numpy/_core/multiarray.py", line 10, in <module>
    from . import overrides
  File "/home/jessica.mcdonald/miniconda3/envs/letkf_env/lib/python3.10/site-packages/numpy/_core/overrides.py", line 8, in <module>
    from numpy._core._multiarray_umath import (
  File "<frozen importlib._bootstrap>", line 1027, in _find_and_load
  File "<frozen importlib._bootstrap>", line 1006, in _find_and_load_unlocked
  File "<frozen importlib._bootstrap>", line 688, in _load_unlocked
  File "<frozen importlib._bootstrap_external>", line 879, in exec_module
  File "<frozen importlib._bootstrap_external>", line 975, in get_code
  File "<frozen importlib._bootstrap_external>", line 1074, in get_data
KeyboardInterrupt
Traceback (most recent call last):
  File "/work/jessica.mcdonald/newCM1_LETKF/src/plot_src/VR_CR.py", line 6, in <module>
    import numpy as np
  File "/home/jessica.mcdonald/miniconda3/envs/letkf_env/lib/python3.10/site-packages/numpy/__init__.py", line 114, in <module>
    from numpy.__config__ import show as show_config
  File "/home/jessica.mcdonald/miniconda3/envs/letkf_env/lib/python3.10/site-packages/numpy/__config__.py", line 4, in <module>
    from numpy._core._multiarray_umath import (
  File "/home/jessica.mcdonald/miniconda3/envs/letkf_env/lib/python3.10/site-packages/numpy/_core/__init__.py", line 23, in <module>
    from . import multiarray
  File "/home/jessica.mcdonald/miniconda3/envs/letkf_env/lib/python3.10/site-packages/numpy/_core/multiarray.py", line 10, in <module>
    from . import overrides
  File "/home/jessica.mcdonald/miniconda3/envs/letkf_env/lib/python3.10/site-packages/numpy/_core/overrides.py", line 8, in <module>
    from numpy._core._multiarray_umath import (
  File "<frozen importlib._bootstrap>", line 216, in _lock_unlock_module
KeyboardInterrupt
Traceback (most recent call last):
  File "/work/jessica.mcdonald/newCM1_LETKF/src/plot_src/VR_INV.py", line 6, in <module>
    import numpy as np
  File "/home/jessica.mcdonald/miniconda3/envs/letkf_env/lib/python3.10/site-packages/numpy/__init__.py", line 114, in <module>
    from numpy.__config__ import show as show_config
  File "/home/jessica.mcdonald/miniconda3/envs/letkf_env/lib/python3.10/site-packages/numpy/__config__.py", line 4, in <module>
    from numpy._core._multiarray_umath import (
  File "/home/jessica.mcdonald/miniconda3/envs/letkf_env/lib/python3.10/site-packages/numpy/_core/__init__.py", line 23, in <module>
    from . import multiarray
  File "<frozen importlib._bootstrap>", line 1027, in _find_and_load
  File "<frozen importlib._bootstrap>", line 1006, in _find_and_load_unlocked
  File "<frozen importlib._bootstrap>", line 688, in _load_unlocked
  File "<frozen importlib._bootstrap_external>", line 879, in exec_module
  File "<frozen importlib._bootstrap_external>", line 975, in get_code
  File "<frozen importlib._bootstrap_external>", line 1074, in get_data
KeyboardInterrupt
mv: cannot stat '*.pdf': No such file or directory
